

Warning: no stack segment

 Start  Stop   Length Name                   Class
 00000H 00959H 0095AH BOOT                   CODE

  Address         Publics by Name

 0000:064F       FIND_DIRENT
 0000:0687       GET_CHS
 0000:07F2       GET_CHS2
 0000:06A0       GET_LBA
 0000:080B       GET_LBA2
 0000:081B       LOAD_ERROR
 0000:05CD       MAIN
 0000:0760       PART2
 0000:07C3       PART3
 0000:06D2       PRINTP
 0000:08C6       READ_CLUSTER
 0000:082B       READ_DATA
 0000:0870       READ_FAT
 0000:06B0       READ_SECTOR
 0000:08D8       READ_SECTORS
 0000:06C0       WAIT

  Address         Publics by Value

 0000:05CD       MAIN
 0000:064F       FIND_DIRENT
 0000:0687       GET_CHS
 0000:06A0       GET_LBA
 0000:06B0       READ_SECTOR
 0000:06C0       WAIT
 0000:06D2       PRINTP
 0000:0760       PART2
 0000:07C3       PART3
 0000:07F2       GET_CHS2
 0000:080B       GET_LBA2
 0000:081B       LOAD_ERROR
 0000:082B       READ_DATA
 0000:0870       READ_FAT
 0000:08C6       READ_CLUSTER
 0000:08D8       READ_SECTORS
