

Warning: no stack segment

 Start  Stop   Length Name                   Class
 00000H 0095AH 0095BH BOOT                   CODE

  Address         Publics by Name

 0000:06A3       FIND_DIRENT
 0000:059F       GET_CHS
 0000:05B8       GET_LBA
 0000:08A4       LOAD_ERROR
 0000:0618       MAIN
 0000:0760       PART2
 0000:08C6       PART2_COPY
 0000:095B       PART2_END
 0000:07C5       PART3
 0000:05DC       PRINTP
 0000:0890       READ_CLUSTER
 0000:07F4       READ_DATA
 0000:083A       READ_FAT
 0000:05C8       READ_SECTORS
 0000:06DB       WAIT

  Address         Publics by Value

 0000:059F       GET_CHS
 0000:05B8       GET_LBA
 0000:05C8       READ_SECTORS
 0000:05DC       PRINTP
 0000:0618       MAIN
 0000:06A3       FIND_DIRENT
 0000:06DB       WAIT
 0000:0760       PART2
 0000:07C5       PART3
 0000:07F4       READ_DATA
 0000:083A       READ_FAT
 0000:0890       READ_CLUSTER
 0000:08A4       LOAD_ERROR
 0000:08C6       PART2_COPY
 0000:095B       PART2_END
