

Warning: no stack segment

 Start  Stop   Length Name                   Class
 00000H 007DCH 007DDH CODE                   CODE
 007E0H 007EFH 00010H DATA                   DATA

 Origin   Group
 0000:0   DEV

  Address         Publics by Name

 0000:0411       ADD_PACKET
 0000:0433       CHECK_HOTKEY
 0000:0012       CMDTBL
 0000:000F  Abs  CMDTBL_SIZE
 0000:0000       CON
 0000:003C       CON_PARMS
 0000:0084       CT_FOCUS
 0000:0082       CT_HEAD
 0000:0060       DBL_BORDER
 0000:02E9       DDCON_CLOSE
 0000:00DE       DDCON_GETLEN
 0000:00D9       DDCON_GETPOS
 0000:0794       DDCON_INIT
 0000:03F9       DDCON_INT29
 0000:0343       DDCON_INTERRUPT
 0000:00AA       DDCON_IOCTL
 0000:0133       DDCON_MOVCUR
 0000:033B       DDCON_NONE
 0000:01D2       DDCON_OPEN
 0000:016E       DDCON_READ
 0000:0092       DDCON_REQ
 0000:0137       DDCON_SETINS
 0000:0199       DDCON_WRITE
 0000:04B1       DRAW_BORDER
 0000:04F7       DRAW_CHAR
 0000:053D       DRAW_CURSOR
 0000:052B       DRAW_LINEFEED
 0000:0550       FOCUS_NEXT
 0000:0086       FRAME_SEG
 0000:05A0       GET_CURPOS
 0000:05B2       HIDE_CURSOR
 0000:0030       IOCTBL
 0000:0006  Abs  IOCTBL_SIZE
 0000:008A       KBD_INT
 0000:0089       MAX_COLS
 0000:0088       MAX_ROWS
 0000:05B8       MOVE_CURSOR
 0000:061B       READ_KBD
 0000:0070       SCAN_MAP
 0000:066D       SCROLL
 0000:0548       SET_CURSOR
 0000:0068       SGL_BORDER
 0000:0609       UPDATE_CURSOR
 0000:008E       WAIT_PTR
 0000:06B5       WRITE_CHAR
 0000:06C0       WRITE_CONTEXT
 0000:0770       WRITE_CRTC16
 0000:077F       WRITE_CRTC8
 0000:0727       WRITE_CURPOS
 0000:0752       WRITE_HORZPAIR
 0000:0761       WRITE_VERTPAIR

  Address         Publics by Value

 0000:0000       CON
 0000:0006  Abs  IOCTBL_SIZE
 0000:000F  Abs  CMDTBL_SIZE
 0000:0012       CMDTBL
 0000:0030       IOCTBL
 0000:003C       CON_PARMS
 0000:0060       DBL_BORDER
 0000:0068       SGL_BORDER
 0000:0070       SCAN_MAP
 0000:0082       CT_HEAD
 0000:0084       CT_FOCUS
 0000:0086       FRAME_SEG
 0000:0088       MAX_ROWS
 0000:0089       MAX_COLS
 0000:008A       KBD_INT
 0000:008E       WAIT_PTR
 0000:0092       DDCON_REQ
 0000:00AA       DDCON_IOCTL
 0000:00D9       DDCON_GETPOS
 0000:00DE       DDCON_GETLEN
 0000:0133       DDCON_MOVCUR
 0000:0137       DDCON_SETINS
 0000:016E       DDCON_READ
 0000:0199       DDCON_WRITE
 0000:01D2       DDCON_OPEN
 0000:02E9       DDCON_CLOSE
 0000:033B       DDCON_NONE
 0000:0343       DDCON_INTERRUPT
 0000:03F9       DDCON_INT29
 0000:0411       ADD_PACKET
 0000:0433       CHECK_HOTKEY
 0000:04B1       DRAW_BORDER
 0000:04F7       DRAW_CHAR
 0000:052B       DRAW_LINEFEED
 0000:053D       DRAW_CURSOR
 0000:0548       SET_CURSOR
 0000:0550       FOCUS_NEXT
 0000:05A0       GET_CURPOS
 0000:05B2       HIDE_CURSOR
 0000:05B8       MOVE_CURSOR
 0000:0609       UPDATE_CURSOR
 0000:061B       READ_KBD
 0000:066D       SCROLL
 0000:06B5       WRITE_CHAR
 0000:06C0       WRITE_CONTEXT
 0000:0727       WRITE_CURPOS
 0000:0752       WRITE_HORZPAIR
 0000:0761       WRITE_VERTPAIR
 0000:0770       WRITE_CRTC16
 0000:077F       WRITE_CRTC8
 0000:0794       DDCON_INIT
