

Warning: no stack segment

 Start  Stop   Length Name                   Class
 00000H 00549H 0054AH CODE                   CODE
 00550H 0055FH 00010H DATA                   DATA

 Origin   Group
 0000:0   DEV

  Address         Publics by Name

 0000:0282       ADD_PACKET
 0000:02A4       CHECK_HOTKEY
 0000:0012       CMDTBL
 0000:000F  Abs  CMDTBL_SIZE
 0000:0000       CON
 0000:0030       CON_LIMITS
 0000:0052       CT_FOCUS
 0000:0050       CT_HEAD
 0000:0040       DBL_BORDER
 0000:018C       DDCON_CLOSE
 0000:04FB       DDCON_INIT
 0000:026A       DDCON_INT29
 0000:01D4       DDCON_INTERRUPT
 0000:01CC       DDCON_NONE
 0000:00D9       DDCON_OPEN
 0000:0088       DDCON_READ
 0000:0060       DDCON_REQ
 0000:009F       DDCON_WRITE
 0000:031B       DRAW_BORDER
 0000:035A       DRAW_CURSOR
 0000:036D       FOCUS_NEXT
 0000:0054       FRAME_SEG
 0000:03A2       GET_CURPOS
 0000:0058       KBD_INT
 0000:0057       MAX_COLS
 0000:0056       MAX_ROWS
 0000:03B4       READ_KBD
 0000:03F1       SCROLL
 0000:0048       SGL_BORDER
 0000:005C       WAIT_PTR
 0000:04AF       WRITE_6845
 0000:040E       WRITE_CHAR
 0000:0419       WRITE_CONTEXT
 0000:0484       WRITE_CURPOS
 0000:04D0       WRITE_HORZPAIR
 0000:04EC       WRITE_VERTPAIR

  Address         Publics by Value

 0000:0000       CON
 0000:000F  Abs  CMDTBL_SIZE
 0000:0012       CMDTBL
 0000:0030       CON_LIMITS
 0000:0040       DBL_BORDER
 0000:0048       SGL_BORDER
 0000:0050       CT_HEAD
 0000:0052       CT_FOCUS
 0000:0054       FRAME_SEG
 0000:0056       MAX_ROWS
 0000:0057       MAX_COLS
 0000:0058       KBD_INT
 0000:005C       WAIT_PTR
 0000:0060       DDCON_REQ
 0000:0088       DDCON_READ
 0000:009F       DDCON_WRITE
 0000:00D9       DDCON_OPEN
 0000:018C       DDCON_CLOSE
 0000:01CC       DDCON_NONE
 0000:01D4       DDCON_INTERRUPT
 0000:026A       DDCON_INT29
 0000:0282       ADD_PACKET
 0000:02A4       CHECK_HOTKEY
 0000:031B       DRAW_BORDER
 0000:035A       DRAW_CURSOR
 0000:036D       FOCUS_NEXT
 0000:03A2       GET_CURPOS
 0000:03B4       READ_KBD
 0000:03F1       SCROLL
 0000:040E       WRITE_CHAR
 0000:0419       WRITE_CONTEXT
 0000:0484       WRITE_CURPOS
 0000:04AF       WRITE_6845
 0000:04D0       WRITE_HORZPAIR
 0000:04EC       WRITE_VERTPAIR
 0000:04FB       DDCON_INIT
