

Warning: no stack segment

 Start  Stop   Length Name                   Class
 00000H 00723H 00724H CODE                   CODE
 00730H 0073FH 00010H DATA                   DATA

 Origin   Group
 0000:0   DEV

  Address         Publics by Name

 0000:037C       ADD_PACKET
 0000:039E       CHECK_HOTKEY
 0000:0012       CMDTBL
 0000:000F  Abs  CMDTBL_SIZE
 0000:0000       CON
 0000:0030       CON_LIMITS
 0000:0076       CT_FOCUS
 0000:0074       CT_HEAD
 0000:0054       DBL_BORDER
 0000:0277       DDCON_CLOSE
 0000:009C       DDCON_CTLIN
 0000:06DB       DDCON_INIT
 0000:0364       DDCON_INT29
 0000:02CB       DDCON_INTERRUPT
 0000:02C3       DDCON_NONE
 0000:0175       DDCON_OPEN
 0000:0125       DDCON_READ
 0000:0084       DDCON_REQ
 0000:013C       DDCON_WRITE
 0000:0412       DRAW_BORDER
 0000:0458       DRAW_CHAR
 0000:049E       DRAW_CURSOR
 0000:048C       DRAW_LINEFEED
 0000:04B1       FOCUS_NEXT
 0000:0078       FRAME_SEG
 0000:04FB       GET_CURPOS
 0000:050D       HIDE_CURSOR
 0000:007C       KBD_INT
 0000:007B       MAX_COLS
 0000:007A       MAX_ROWS
 0000:0513       MOVE_CURSOR
 0000:0564       READ_KBD
 0000:0064       SCAN_MAP
 0000:05B6       SCROLL
 0000:04A9       SET_CURSOR
 0000:005C       SGL_BORDER
 0000:0553       UPDATE_CURSOR
 0000:0080       WAIT_PTR
 0000:05FE       WRITE_CHAR
 0000:0609       WRITE_CONTEXT
 0000:0670       WRITE_CURPOS
 0000:069B       WRITE_HORZPAIR
 0000:06B9       WRITE_PORT
 0000:06AA       WRITE_VERTPAIR

  Address         Publics by Value

 0000:0000       CON
 0000:000F  Abs  CMDTBL_SIZE
 0000:0012       CMDTBL
 0000:0030       CON_LIMITS
 0000:0054       DBL_BORDER
 0000:005C       SGL_BORDER
 0000:0064       SCAN_MAP
 0000:0074       CT_HEAD
 0000:0076       CT_FOCUS
 0000:0078       FRAME_SEG
 0000:007A       MAX_ROWS
 0000:007B       MAX_COLS
 0000:007C       KBD_INT
 0000:0080       WAIT_PTR
 0000:0084       DDCON_REQ
 0000:009C       DDCON_CTLIN
 0000:0125       DDCON_READ
 0000:013C       DDCON_WRITE
 0000:0175       DDCON_OPEN
 0000:0277       DDCON_CLOSE
 0000:02C3       DDCON_NONE
 0000:02CB       DDCON_INTERRUPT
 0000:0364       DDCON_INT29
 0000:037C       ADD_PACKET
 0000:039E       CHECK_HOTKEY
 0000:0412       DRAW_BORDER
 0000:0458       DRAW_CHAR
 0000:048C       DRAW_LINEFEED
 0000:049E       DRAW_CURSOR
 0000:04A9       SET_CURSOR
 0000:04B1       FOCUS_NEXT
 0000:04FB       GET_CURPOS
 0000:050D       HIDE_CURSOR
 0000:0513       MOVE_CURSOR
 0000:0553       UPDATE_CURSOR
 0000:0564       READ_KBD
 0000:05B6       SCROLL
 0000:05FE       WRITE_CHAR
 0000:0609       WRITE_CONTEXT
 0000:0670       WRITE_CURPOS
 0000:069B       WRITE_HORZPAIR
 0000:06AA       WRITE_VERTPAIR
 0000:06B9       WRITE_PORT
 0000:06DB       DDCON_INIT
