

Warning: no stack segment

 Start  Stop   Length Name                   Class
 00000H 002CBH 002CCH CODE                   CODE
 002D0H 002DFH 00010H DATA                   DATA

 Origin   Group
 0000:0   DEV

  Address         Publics by Name

 0000:0012       CMDTBL
 0000:0014  Abs  CMDTBL_SIZE
 0000:003A       DDBUF_DRV
 0000:003C       DDBUF_LBA
 0000:003E       DDBUF_PTR
 0000:008A       DDFDC_BUILDBPB
 0000:029F       DDFDC_INIT
 0000:005A       DDFDC_MEDIACHK
 0000:023E       DDFDC_NONE
 0000:014F       DDFDC_READ
 0000:0042       DDFDC_REQ
 0000:023D       DDFDC_WRITE
 0000:0000       FDC
 0000:0254       GET_CHS
 0000:0245       READWRITE_SECTORS
 0000:026E       READ_BUFFER

  Address         Publics by Value

 0000:0000       FDC
 0000:0012       CMDTBL
 0000:0014  Abs  CMDTBL_SIZE
 0000:003A       DDBUF_DRV
 0000:003C       DDBUF_LBA
 0000:003E       DDBUF_PTR
 0000:0042       DDFDC_REQ
 0000:005A       DDFDC_MEDIACHK
 0000:008A       DDFDC_BUILDBPB
 0000:014F       DDFDC_READ
 0000:023D       DDFDC_WRITE
 0000:023E       DDFDC_NONE
 0000:0245       READWRITE_SECTORS
 0000:0254       GET_CHS
 0000:026E       READ_BUFFER
 0000:029F       DDFDC_INIT
