

Warning: no stack segment

 Start  Stop   Length Name                   Class
 00000H 01B30H 01B31H DOS                    CODE

  Address         Publics by Name

 0000:0B6A       ALLOC
 0000:014E       ASSERTS
 0000:02DF       AUX_READ
 0000:02EA       AUX_WRITE
 0000:1668       BPB_OFF
 0000:001C       BPB_TABLE
 0000:166E       CFG_DATA
 0000:1670       CFG_SIZE
 0000:03AA       CHECK_CHAR
 0000:073D       CHK_DEVNAME
 0000:077F       CHK_FILENAME
 0000:000A       CLK_PTR
 0000:001A       DDINT_LEVEL
 0000:07FD       DEV_REQUEST
 0000:022D       DISK_READ
 0000:022E       DISK_WRITE
 0000:0191       DOS_BRKPT
 0000:0230       DOS_CALL5
 0000:01CE       DOS_CHECK
 0000:0223       DOS_CTRLC
 0000:0243       DOS_DDINT_ENTER
 0000:0249       DOS_DDINT_LEAVE
 0000:022C       DOS_DEFAULT
 0000:014F       DOS_DVERR
 0000:01C1       DOS_ENTER
 0000:022A       DOS_ERROR
 0000:020B       DOS_EXIT
 0000:0221       DOS_EXRET
 0000:01BC       DOS_FUNC
 0000:0192       DOS_OFERR
 0000:01BA       DOS_RESTART
 0000:166A       DOS_SEG
 0000:016E       DOS_SSTEP
 0000:01B1       DOS_TERM
 0000:022F       DOS_TSR
 0000:0A59       DSK_FLUSH
 0000:1A28       FATAL_ERROR
 0000:000F       FILE_NAME
 0000:19AD       FIND_CFG
 0000:0877       FIND_CLN
 0000:0C2A       FREE
 0000:0060       FUNCTBL
 0000:0052  Abs  FUNCTBL_SIZE
 0000:0269       FUNC_NONE
 0000:091E       GET_BPB
 0000:08BE       GET_CLN
 0000:095E       GET_DIRENT
 0000:0A08       GET_PFT_FREE
 0000:103E       GET_SCB
 0000:1061       GET_SCBNUM
 0000:09D4       GET_SFB
 0000:0D70       GET_VECOFF
 0000:0477       HDL_CLOSE
 0000:0451       HDL_OPEN
 0000:0493       HDL_READ
 0000:04D8       HDL_SEEK
 0000:04B5       HDL_WRITE
 0000:19E6       INIT_TABLE
 0000:1A31       INT_TABLES
 0000:1A69       INT_TABLES_END
 0000:1322       ITOA
 0000:0ED9       LOAD_PROGRAM
 0000:0000       MCB_HEAD
 0000:0B2F       MCB_INIT
 0000:0004       MCB_LIMIT
 0000:0B47       MCB_SPLIT
 0000:0AE4       MEM_ALLOC
 0000:0AFC       MEM_FREE
 0000:0B14       MEM_REALLOC
 0000:0D4F       MSC_GETVEC
 0000:0CD8       MSC_SETCTRLC
 0000:0CB5       MSC_SETVEC
 0000:0D05       MSC_SIGCTRLC
 0000:185F       OPEN_ERROR
 0000:1A22       PRINT_ERROR
 0000:02F5       PRN_WRITE
 0000:0008       PSP_ACTIVE
 0000:0DD9       PSP_CREATE
 0000:0E7F       PSP_EXEC
 0000:0EB9       PSP_GET
 0000:0E9E       PSP_SET
 0000:0D97       PSP_TERM
 0000:0A87       READ_BUFFER
 0000:03C9       READ_CHAR
 0000:0BDF       REALLOC
 0000:0006       SCB_ACTIVE
 0000:1256       SCB_ENDWAIT
 0000:10A4       SCB_INIT
 0000:1082       SCB_LOAD
 0000:10BF       SCB_LOCK
 0000:000E       SCB_LOCKED
 0000:1149       SCB_START
 0000:1161       SCB_STOP
 0000:11D4       SCB_SWITCH
 0000:0020       SCB_TABLE
 0000:116E       SCB_UNLOAD
 0000:1112       SCB_UNLOCK
 0000:1229       SCB_WAIT
 0000:117A       SCB_YIELD
 0000:0A33       SET_PFT_FREE
 0000:0701       SFB_CLOSE
 0000:0503       SFB_OPEN
 0000:05B7       SFB_READ
 0000:0696       SFB_SEEK
 0000:0024       SFB_TABLE
 0000:06DE       SFB_WRITE
 0000:03B2       SIG_CTRLC
 0000:1410       SPRINTF
 0000:1295       STRLEN
 0000:005C       STR_CTRLC
 0000:1672       SYSINIT
 0000:1B31       SYSINIT_END
 0000:1A1F       SYSINIT_ERROR
 0000:16CE       SYSINIT_HIGH
 0000:1668       SYSINIT_START
 0000:166C       TOP_SEG
 0000:02BD       TTY_ECHO
 0000:039E       TTY_FLUSH
 0000:0305       TTY_IN
 0000:033C       TTY_INPUT
 0000:02FD       TTY_IO
 0000:0324       TTY_PRINT
 0000:0311       TTY_READ
 0000:0393       TTY_STATUS
 0000:02D0       TTY_WRITE
 0000:0104       UTILTBL
 0000:0025  Abs  UTILTBL_SIZE
 0000:12BA       UTL_ATOI
 0000:1632       UTL_ENDWAIT
 0000:1570       UTL_GETDEV
 0000:1645       UTL_HOTKEY
 0000:1591       UTL_IOCTL
 0000:1316       UTL_ITOA
 0000:15A5       UTL_LOAD
 0000:13CC       UTL_PRINTF
 0000:1600       UTL_SLEEP
 0000:13F8       UTL_SPRINTF
 0000:15B6       UTL_START
 0000:15C8       UTL_STOP
 0000:1291       UTL_STRLEN
 0000:15DC       UTL_UNLOAD
 0000:1623       UTL_WAIT
 0000:15EF       UTL_YIELD
 0000:0028       VALID_CHARS
 0000:0034  Abs  VALID_COUNT
 0000:03F5       WRITE_CHAR
 0000:0421       WRITE_STRING

  Address         Publics by Value

 0000:0000       MCB_HEAD
 0000:0004       MCB_LIMIT
 0000:0006       SCB_ACTIVE
 0000:0008       PSP_ACTIVE
 0000:000A       CLK_PTR
 0000:000E       SCB_LOCKED
 0000:000F       FILE_NAME
 0000:001A       DDINT_LEVEL
 0000:001C       BPB_TABLE
 0000:0020       SCB_TABLE
 0000:0024       SFB_TABLE
 0000:0025  Abs  UTILTBL_SIZE
 0000:0028       VALID_CHARS
 0000:0034  Abs  VALID_COUNT
 0000:0052  Abs  FUNCTBL_SIZE
 0000:005C       STR_CTRLC
 0000:0060       FUNCTBL
 0000:0104       UTILTBL
 0000:014E       ASSERTS
 0000:014F       DOS_DVERR
 0000:016E       DOS_SSTEP
 0000:0191       DOS_BRKPT
 0000:0192       DOS_OFERR
 0000:01B1       DOS_TERM
 0000:01BA       DOS_RESTART
 0000:01BC       DOS_FUNC
 0000:01C1       DOS_ENTER
 0000:01CE       DOS_CHECK
 0000:020B       DOS_EXIT
 0000:0221       DOS_EXRET
 0000:0223       DOS_CTRLC
 0000:022A       DOS_ERROR
 0000:022C       DOS_DEFAULT
 0000:022D       DISK_READ
 0000:022E       DISK_WRITE
 0000:022F       DOS_TSR
 0000:0230       DOS_CALL5
 0000:0243       DOS_DDINT_ENTER
 0000:0249       DOS_DDINT_LEAVE
 0000:0269       FUNC_NONE
 0000:02BD       TTY_ECHO
 0000:02D0       TTY_WRITE
 0000:02DF       AUX_READ
 0000:02EA       AUX_WRITE
 0000:02F5       PRN_WRITE
 0000:02FD       TTY_IO
 0000:0305       TTY_IN
 0000:0311       TTY_READ
 0000:0324       TTY_PRINT
 0000:033C       TTY_INPUT
 0000:0393       TTY_STATUS
 0000:039E       TTY_FLUSH
 0000:03AA       CHECK_CHAR
 0000:03B2       SIG_CTRLC
 0000:03C9       READ_CHAR
 0000:03F5       WRITE_CHAR
 0000:0421       WRITE_STRING
 0000:0451       HDL_OPEN
 0000:0477       HDL_CLOSE
 0000:0493       HDL_READ
 0000:04B5       HDL_WRITE
 0000:04D8       HDL_SEEK
 0000:0503       SFB_OPEN
 0000:05B7       SFB_READ
 0000:0696       SFB_SEEK
 0000:06DE       SFB_WRITE
 0000:0701       SFB_CLOSE
 0000:073D       CHK_DEVNAME
 0000:077F       CHK_FILENAME
 0000:07FD       DEV_REQUEST
 0000:0877       FIND_CLN
 0000:08BE       GET_CLN
 0000:091E       GET_BPB
 0000:095E       GET_DIRENT
 0000:09D4       GET_SFB
 0000:0A08       GET_PFT_FREE
 0000:0A33       SET_PFT_FREE
 0000:0A59       DSK_FLUSH
 0000:0A87       READ_BUFFER
 0000:0AE4       MEM_ALLOC
 0000:0AFC       MEM_FREE
 0000:0B14       MEM_REALLOC
 0000:0B2F       MCB_INIT
 0000:0B47       MCB_SPLIT
 0000:0B6A       ALLOC
 0000:0BDF       REALLOC
 0000:0C2A       FREE
 0000:0CB5       MSC_SETVEC
 0000:0CD8       MSC_SETCTRLC
 0000:0D05       MSC_SIGCTRLC
 0000:0D4F       MSC_GETVEC
 0000:0D70       GET_VECOFF
 0000:0D97       PSP_TERM
 0000:0DD9       PSP_CREATE
 0000:0E7F       PSP_EXEC
 0000:0E9E       PSP_SET
 0000:0EB9       PSP_GET
 0000:0ED9       LOAD_PROGRAM
 0000:103E       GET_SCB
 0000:1061       GET_SCBNUM
 0000:1082       SCB_LOAD
 0000:10A4       SCB_INIT
 0000:10BF       SCB_LOCK
 0000:1112       SCB_UNLOCK
 0000:1149       SCB_START
 0000:1161       SCB_STOP
 0000:116E       SCB_UNLOAD
 0000:117A       SCB_YIELD
 0000:11D4       SCB_SWITCH
 0000:1229       SCB_WAIT
 0000:1256       SCB_ENDWAIT
 0000:1291       UTL_STRLEN
 0000:1295       STRLEN
 0000:12BA       UTL_ATOI
 0000:1316       UTL_ITOA
 0000:1322       ITOA
 0000:13CC       UTL_PRINTF
 0000:13F8       UTL_SPRINTF
 0000:1410       SPRINTF
 0000:1570       UTL_GETDEV
 0000:1591       UTL_IOCTL
 0000:15A5       UTL_LOAD
 0000:15B6       UTL_START
 0000:15C8       UTL_STOP
 0000:15DC       UTL_UNLOAD
 0000:15EF       UTL_YIELD
 0000:1600       UTL_SLEEP
 0000:1623       UTL_WAIT
 0000:1632       UTL_ENDWAIT
 0000:1645       UTL_HOTKEY
 0000:1668       SYSINIT_START
 0000:1668       BPB_OFF
 0000:166A       DOS_SEG
 0000:166C       TOP_SEG
 0000:166E       CFG_DATA
 0000:1670       CFG_SIZE
 0000:1672       SYSINIT
 0000:16CE       SYSINIT_HIGH
 0000:185F       OPEN_ERROR
 0000:19AD       FIND_CFG
 0000:19E6       INIT_TABLE
 0000:1A1F       SYSINIT_ERROR
 0000:1A22       PRINT_ERROR
 0000:1A28       FATAL_ERROR
 0000:1A31       INT_TABLES
 0000:1A69       INT_TABLES_END
 0000:1B31       SYSINIT_END
