

Warning: no stack segment

 Start  Stop   Length Name                   Class
 00000H 00556H 00557H DOS                    CODE

  Address         Publics by Name

 0000:0115       ALLOC
 0000:01DC       AUX_READ
 0000:01DD       AUX_WRITE
 0000:033A       CFG_DATA
 0000:033C       CFG_SIZE
 0000:025C       DEV_CHKNAME
 0000:0291       DEV_REQUEST
 0000:00AA       DOSEXIT
 0000:00AB       DOSFUNC
 0000:0465       DOS_CALL
 0000:00E3       DOS_NONE
 0000:00EA       DOS_RETURN
 0000:0336       DOS_SEG
 0000:047B       FIND_CFG
 0000:016F       FREE
 0000:000E       FUNCTBL
 0000:004E  Abs  FUNCTBL_SIZE
 0000:01E6       HDL_OPEN
 0000:0107       INITMCB
 0000:04AE       INIT_TABLE
 0000:04FC       INT_TBL
 0000:00EC       MCB_ALLOC
 0000:00FB       MCB_FREE
 0000:0000       MCB_HEAD
 0000:0004       PCB_TABLE
 0000:01DE       PRN_WRITE
 0000:000C       PSP_ACTIVE
 0000:01F8       SFB_OPEN
 0000:0008       SFB_TABLE
 0000:033E       SYSINIT
 0000:0336       SYSINIT_BEG
 0000:0557       SYSINIT_END
 0000:04E6       SYSINIT_ERROR
 0000:04EE       SYSINIT_PRINT
 0000:0338       TOP_SEG
 0000:01DA       TTY_ECHO
 0000:01E5       TTY_FLUSH
 0000:01E0       TTY_IN
 0000:01E3       TTY_INPUT
 0000:01DF       TTY_IO
 0000:01E2       TTY_PRINT
 0000:01E1       TTY_READ
 0000:01E4       TTY_STATUS
 0000:01DB       TTY_WRITE
 0000:02DA       UTILTBL
 0000:0001  Abs  UTILTBL_SIZE
 0000:02FE       UTIL_DECIMAL
 0000:02DC       UTIL_FUNC

  Address         Publics by Value

 0000:0000       MCB_HEAD
 0000:0001  Abs  UTILTBL_SIZE
 0000:0004       PCB_TABLE
 0000:0008       SFB_TABLE
 0000:000C       PSP_ACTIVE
 0000:000E       FUNCTBL
 0000:004E  Abs  FUNCTBL_SIZE
 0000:00AA       DOSEXIT
 0000:00AB       DOSFUNC
 0000:00E3       DOS_NONE
 0000:00EA       DOS_RETURN
 0000:00EC       MCB_ALLOC
 0000:00FB       MCB_FREE
 0000:0107       INITMCB
 0000:0115       ALLOC
 0000:016F       FREE
 0000:01DA       TTY_ECHO
 0000:01DB       TTY_WRITE
 0000:01DC       AUX_READ
 0000:01DD       AUX_WRITE
 0000:01DE       PRN_WRITE
 0000:01DF       TTY_IO
 0000:01E0       TTY_IN
 0000:01E1       TTY_READ
 0000:01E2       TTY_PRINT
 0000:01E3       TTY_INPUT
 0000:01E4       TTY_STATUS
 0000:01E5       TTY_FLUSH
 0000:01E6       HDL_OPEN
 0000:01F8       SFB_OPEN
 0000:025C       DEV_CHKNAME
 0000:0291       DEV_REQUEST
 0000:02DA       UTILTBL
 0000:02DC       UTIL_FUNC
 0000:02FE       UTIL_DECIMAL
 0000:0336       DOS_SEG
 0000:0336       SYSINIT_BEG
 0000:0338       TOP_SEG
 0000:033A       CFG_DATA
 0000:033C       CFG_SIZE
 0000:033E       SYSINIT
 0000:0465       DOS_CALL
 0000:047B       FIND_CFG
 0000:04AE       INIT_TABLE
 0000:04E6       SYSINIT_ERROR
 0000:04EE       SYSINIT_PRINT
 0000:04FC       INT_TBL
 0000:0557       SYSINIT_END
